// Jest Snapshot v1, https://goo.gl/fbAQLP

exports[`renders correctly 1`] = `
<div>
  <div
    style={
      Object {
        "display": "flex",
        "flexDirection": "column",
        "position": "absolute",
        "right": "2%",
        "top": "3%",
      }
    }
  >
    <div
      className="ui warning message"
      style={
        Object {
          "width": "200px",
        }
      }
    >
      <div
        className="content"
      >
        <p>
          Link color represents the link cost between the min and max tresholds set in the config. Where green is low and red is high.
        </p>
      </div>
    </div>
    <button
      className="ui fluid button"
      onClick={[Function]}
      style={
        Object {
          "background": "red",
          "color": "white",
        }
      }
    >
      Live Update: OFF
    </button>
  </div>
</div>
`;
