// Jest Snapshot v1, https://goo.gl/fbAQLP

exports[`renders correctly 1`] = `
<div>
  <div
    style={
      Object {
        "display": "flex",
        "flexDirection": "column",
        "position": "absolute",
        "right": "2%",
        "top": "3%",
      }
    }
  >
    <div
      className="ui message"
      style={
        Object {
          "display": "flex",
          "flexDirection": "column",
        }
      }
    />
    <button
      className="ui fluid button"
      onClick={[Function]}
      style={
        Object {
          "background": "red",
          "color": "white",
        }
      }
    >
      Live Update: OFF
    </button>
  </div>
</div>
`;
